
 	 Check Design Report
	 -------------------- 

  Unresolved References & Empty Modules
  ------------------------------------- 
No unresolved references in design 'auto_multiplier'

No empty modules in design 'auto_multiplier'

 Unloaded Pin(s), Port(s)
 -------------------------
No unloaded sequential element in 'auto_multiplier'

No unloaded port in 'auto_multiplier'

 Assigns
 ------- 
Total number of assign statements in design 'auto_multiplier' : 0

 Undriven Port(s)/Pin(s)
 ------------------------
No undriven combinational pin in 'auto_multiplier'

No undriven sequential pin in 'auto_multiplier'

No undriven hierarchical pin in 'auto_multiplier'

No undriven port in 'auto_multiplier'

 Multidriven Port(s)/Pin(s)
--------------------------

No multidriven combinational pin in 'auto_multiplier'

No multidriven sequential pin in 'auto_multiplier'

No multidriven hierarchical pin in 'auto_multiplier'

No multidriven ports in 'auto_multiplier'

  Constant Pin(s)
  ----------------
design 'auto_multiplier' has the following constant input combinational pin(s)
/designs/auto_multiplier/instances_comb/mux_multiplicand_reg_s_60_14_g1/pins_in/data1
/designs/auto_multiplier/instances_comb/mux_multiplicand_reg_s_60_14_g10/pins_in/data1
/designs/auto_multiplier/instances_comb/mux_multiplicand_reg_s_60_14_g11/pins_in/data1
/designs/auto_multiplier/instances_comb/mux_multiplicand_reg_s_60_14_g12/pins_in/data1
/designs/auto_multiplier/instances_comb/mux_multiplicand_reg_s_60_14_g13/pins_in/data1
/designs/auto_multiplier/instances_comb/mux_multiplicand_reg_s_60_14_g14/pins_in/data1
/designs/auto_multiplier/instances_comb/mux_multiplicand_reg_s_60_14_g15/pins_in/data1
/designs/auto_multiplier/instances_comb/mux_multiplicand_reg_s_60_14_g16/pins_in/data1
/designs/auto_multiplier/instances_comb/mux_multiplicand_reg_s_60_14_g17/pins_in/data1
/designs/auto_multiplier/instances_comb/mux_multiplicand_reg_s_60_14_g18/pins_in/data1
/designs/auto_multiplier/instances_comb/mux_multiplicand_reg_s_60_14_g19/pins_in/data1
/designs/auto_multiplier/instances_comb/mux_multiplicand_reg_s_60_14_g2/pins_in/data1
/designs/auto_multiplier/instances_comb/mux_multiplicand_reg_s_60_14_g20/pins_in/data1
/designs/auto_multiplier/instances_comb/mux_multiplicand_reg_s_60_14_g21/pins_in/data1
/designs/auto_multiplier/instances_comb/mux_multiplicand_reg_s_60_14_g22/pins_in/data1
/designs/auto_multiplier/instances_comb/mux_multiplicand_reg_s_60_14_g23/pins_in/data1
/designs/auto_multiplier/instances_comb/mux_multiplicand_reg_s_60_14_g24/pins_in/data1
/designs/auto_multiplier/instances_comb/mux_multiplicand_reg_s_60_14_g25/pins_in/data1
/designs/auto_multiplier/instances_comb/mux_multiplicand_reg_s_60_14_g26/pins_in/data1
/designs/auto_multiplier/instances_comb/mux_multiplicand_reg_s_60_14_g27/pins_in/data1
/designs/auto_multiplier/instances_comb/mux_multiplicand_reg_s_60_14_g28/pins_in/data1
/designs/auto_multiplier/instances_comb/mux_multiplicand_reg_s_60_14_g29/pins_in/data1
/designs/auto_multiplier/instances_comb/mux_multiplicand_reg_s_60_14_g3/pins_in/data1
/designs/auto_multiplier/instances_comb/mux_multiplicand_reg_s_60_14_g30/pins_in/data1
/designs/auto_multiplier/instances_comb/mux_multiplicand_reg_s_60_14_g31/pins_in/data1
/designs/auto_multiplier/instances_comb/mux_multiplicand_reg_s_60_14_g32/pins_in/data1
/designs/auto_multiplier/instances_comb/mux_multiplicand_reg_s_60_14_g4/pins_in/data1
/designs/auto_multiplier/instances_comb/mux_multiplicand_reg_s_60_14_g5/pins_in/data1
/designs/auto_multiplier/instances_comb/mux_multiplicand_reg_s_60_14_g6/pins_in/data1
/designs/auto_multiplier/instances_comb/mux_multiplicand_reg_s_60_14_g7/pins_in/data1
/designs/auto_multiplier/instances_comb/mux_multiplicand_reg_s_60_14_g8/pins_in/data1
/designs/auto_multiplier/instances_comb/mux_multiplicand_reg_s_60_14_g9/pins_in/data1
/designs/auto_multiplier/instances_comb/mux_multiplier_reg_s_60_14_g1/pins_in/data1
/designs/auto_multiplier/instances_comb/mux_multiplier_reg_s_60_14_g10/pins_in/data1
/designs/auto_multiplier/instances_comb/mux_multiplier_reg_s_60_14_g11/pins_in/data1
/designs/auto_multiplier/instances_comb/mux_multiplier_reg_s_60_14_g12/pins_in/data1
/designs/auto_multiplier/instances_comb/mux_multiplier_reg_s_60_14_g13/pins_in/data1
/designs/auto_multiplier/instances_comb/mux_multiplier_reg_s_60_14_g14/pins_in/data1
/designs/auto_multiplier/instances_comb/mux_multiplier_reg_s_60_14_g15/pins_in/data1
/designs/auto_multiplier/instances_comb/mux_multiplier_reg_s_60_14_g16/pins_in/data1
/designs/auto_multiplier/instances_comb/mux_multiplier_reg_s_60_14_g17/pins_in/data1
/designs/auto_multiplier/instances_comb/mux_multiplier_reg_s_60_14_g18/pins_in/data1
/designs/auto_multiplier/instances_comb/mux_multiplier_reg_s_60_14_g19/pins_in/data1
/designs/auto_multiplier/instances_comb/mux_multiplier_reg_s_60_14_g2/pins_in/data1
/designs/auto_multiplier/instances_comb/mux_multiplier_reg_s_60_14_g20/pins_in/data1
/designs/auto_multiplier/instances_comb/mux_multiplier_reg_s_60_14_g21/pins_in/data1
/designs/auto_multiplier/instances_comb/mux_multiplier_reg_s_60_14_g22/pins_in/data1
/designs/auto_multiplier/instances_comb/mux_multiplier_reg_s_60_14_g23/pins_in/data1
/designs/auto_multiplier/instances_comb/mux_multiplier_reg_s_60_14_g24/pins_in/data1
/designs/auto_multiplier/instances_comb/mux_multiplier_reg_s_60_14_g25/pins_in/data1
/designs/auto_multiplier/instances_comb/mux_multiplier_reg_s_60_14_g26/pins_in/data1
/designs/auto_multiplier/instances_comb/mux_multiplier_reg_s_60_14_g27/pins_in/data1
/designs/auto_multiplier/instances_comb/mux_multiplier_reg_s_60_14_g28/pins_in/data1
/designs/auto_multiplier/instances_comb/mux_multiplier_reg_s_60_14_g29/pins_in/data1
/designs/auto_multiplier/instances_comb/mux_multiplier_reg_s_60_14_g3/pins_in/data1
/designs/auto_multiplier/instances_comb/mux_multiplier_reg_s_60_14_g30/pins_in/data1
/designs/auto_multiplier/instances_comb/mux_multiplier_reg_s_60_14_g31/pins_in/data1
/designs/auto_multiplier/instances_comb/mux_multiplier_reg_s_60_14_g32/pins_in/data1
/designs/auto_multiplier/instances_comb/mux_multiplier_reg_s_60_14_g4/pins_in/data1
/designs/auto_multiplier/instances_comb/mux_multiplier_reg_s_60_14_g5/pins_in/data1
/designs/auto_multiplier/instances_comb/mux_multiplier_reg_s_60_14_g6/pins_in/data1
/designs/auto_multiplier/instances_comb/mux_multiplier_reg_s_60_14_g7/pins_in/data1
/designs/auto_multiplier/instances_comb/mux_multiplier_reg_s_60_14_g8/pins_in/data1
/designs/auto_multiplier/instances_comb/mux_multiplier_reg_s_60_14_g9/pins_in/data1
/designs/auto_multiplier/instances_comb/mux_result_reg_s_60_14_g1/pins_in/data1
/designs/auto_multiplier/instances_comb/mux_result_reg_s_60_14_g10/pins_in/data1
/designs/auto_multiplier/instances_comb/mux_result_reg_s_60_14_g11/pins_in/data1
/designs/auto_multiplier/instances_comb/mux_result_reg_s_60_14_g12/pins_in/data1
/designs/auto_multiplier/instances_comb/mux_result_reg_s_60_14_g13/pins_in/data1
/designs/auto_multiplier/instances_comb/mux_result_reg_s_60_14_g14/pins_in/data1
/designs/auto_multiplier/instances_comb/mux_result_reg_s_60_14_g15/pins_in/data1
/designs/auto_multiplier/instances_comb/mux_result_reg_s_60_14_g16/pins_in/data1
/designs/auto_multiplier/instances_comb/mux_result_reg_s_60_14_g17/pins_in/data1
/designs/auto_multiplier/instances_comb/mux_result_reg_s_60_14_g18/pins_in/data1
/designs/auto_multiplier/instances_comb/mux_result_reg_s_60_14_g19/pins_in/data1
/designs/auto_multiplier/instances_comb/mux_result_reg_s_60_14_g2/pins_in/data1
/designs/auto_multiplier/instances_comb/mux_result_reg_s_60_14_g20/pins_in/data1
/designs/auto_multiplier/instances_comb/mux_result_reg_s_60_14_g21/pins_in/data1
/designs/auto_multiplier/instances_comb/mux_result_reg_s_60_14_g22/pins_in/data1
/designs/auto_multiplier/instances_comb/mux_result_reg_s_60_14_g23/pins_in/data1
/designs/auto_multiplier/instances_comb/mux_result_reg_s_60_14_g24/pins_in/data1
/designs/auto_multiplier/instances_comb/mux_result_reg_s_60_14_g25/pins_in/data1
/designs/auto_multiplier/instances_comb/mux_result_reg_s_60_14_g26/pins_in/data1
/designs/auto_multiplier/instances_comb/mux_result_reg_s_60_14_g27/pins_in/data1
/designs/auto_multiplier/instances_comb/mux_result_reg_s_60_14_g28/pins_in/data1
/designs/auto_multiplier/instances_comb/mux_result_reg_s_60_14_g29/pins_in/data1
/designs/auto_multiplier/instances_comb/mux_result_reg_s_60_14_g3/pins_in/data1
/designs/auto_multiplier/instances_comb/mux_result_reg_s_60_14_g30/pins_in/data1
/designs/auto_multiplier/instances_comb/mux_result_reg_s_60_14_g31/pins_in/data1
/designs/auto_multiplier/instances_comb/mux_result_reg_s_60_14_g32/pins_in/data1
/designs/auto_multiplier/instances_comb/mux_result_reg_s_60_14_g33/pins_in/data1
/designs/auto_multiplier/instances_comb/mux_result_reg_s_60_14_g34/pins_in/data1
/designs/auto_multiplier/instances_comb/mux_result_reg_s_60_14_g35/pins_in/data1
/designs/auto_multiplier/instances_comb/mux_result_reg_s_60_14_g36/pins_in/data1
/designs/auto_multiplier/instances_comb/mux_result_reg_s_60_14_g37/pins_in/data1
/designs/auto_multiplier/instances_comb/mux_result_reg_s_60_14_g38/pins_in/data1
/designs/auto_multiplier/instances_comb/mux_result_reg_s_60_14_g39/pins_in/data1
/designs/auto_multiplier/instances_comb/mux_result_reg_s_60_14_g4/pins_in/data1
/designs/auto_multiplier/instances_comb/mux_result_reg_s_60_14_g40/pins_in/data1
/designs/auto_multiplier/instances_comb/mux_result_reg_s_60_14_g41/pins_in/data1
/designs/auto_multiplier/instances_comb/mux_result_reg_s_60_14_g42/pins_in/data1
/designs/auto_multiplier/instances_comb/mux_result_reg_s_60_14_g43/pins_in/data1
/designs/auto_multiplier/instances_comb/mux_result_reg_s_60_14_g44/pins_in/data1
/designs/auto_multiplier/instances_comb/mux_result_reg_s_60_14_g45/pins_in/data1
/designs/auto_multiplier/instances_comb/mux_result_reg_s_60_14_g46/pins_in/data1
/designs/auto_multiplier/instances_comb/mux_result_reg_s_60_14_g47/pins_in/data1
/designs/auto_multiplier/instances_comb/mux_result_reg_s_60_14_g48/pins_in/data1
/designs/auto_multiplier/instances_comb/mux_result_reg_s_60_14_g49/pins_in/data1
/designs/auto_multiplier/instances_comb/mux_result_reg_s_60_14_g5/pins_in/data1
/designs/auto_multiplier/instances_comb/mux_result_reg_s_60_14_g50/pins_in/data1
/designs/auto_multiplier/instances_comb/mux_result_reg_s_60_14_g51/pins_in/data1
/designs/auto_multiplier/instances_comb/mux_result_reg_s_60_14_g52/pins_in/data1
/designs/auto_multiplier/instances_comb/mux_result_reg_s_60_14_g53/pins_in/data1
/designs/auto_multiplier/instances_comb/mux_result_reg_s_60_14_g54/pins_in/data1
/designs/auto_multiplier/instances_comb/mux_result_reg_s_60_14_g55/pins_in/data1
/designs/auto_multiplier/instances_comb/mux_result_reg_s_60_14_g56/pins_in/data1
/designs/auto_multiplier/instances_comb/mux_result_reg_s_60_14_g57/pins_in/data1
/designs/auto_multiplier/instances_comb/mux_result_reg_s_60_14_g58/pins_in/data1
/designs/auto_multiplier/instances_comb/mux_result_reg_s_60_14_g59/pins_in/data1
/designs/auto_multiplier/instances_comb/mux_result_reg_s_60_14_g6/pins_in/data1
/designs/auto_multiplier/instances_comb/mux_result_reg_s_60_14_g60/pins_in/data1
/designs/auto_multiplier/instances_comb/mux_result_reg_s_60_14_g61/pins_in/data1
/designs/auto_multiplier/instances_comb/mux_result_reg_s_60_14_g62/pins_in/data1
/designs/auto_multiplier/instances_comb/mux_result_reg_s_60_14_g63/pins_in/data1
/designs/auto_multiplier/instances_comb/mux_result_reg_s_60_14_g64/pins_in/data1
/designs/auto_multiplier/instances_comb/mux_result_reg_s_60_14_g7/pins_in/data1
/designs/auto_multiplier/instances_comb/mux_result_reg_s_60_14_g8/pins_in/data1
/designs/auto_multiplier/instances_comb/mux_result_reg_s_60_14_g9/pins_in/data1
Total number of constant combinational pins in design 'auto_multiplier' : 128

No constant sequential pin(s) in design 'auto_multiplier'

No constant hierarchical pin(s) in design 'auto_multiplier'

No constant connected ports in design 'auto_multiplier'

  Preserved instances(s)
  ----------------
No preserved combinational instance(s) in design 'auto_multiplier'
No preserved sequential instance(s) in design 'auto_multiplier'
No preserved hierarchical instance(s) in design 'auto_multiplier'

Libcells with no corresponding LEF
----------------------------------
No libcell(s) found.

LEF cells with no corresponding libcell
---------------------------------------

No physical (LEF) cells found.

 Summary
 ------- 

                Name                 Total 
-------------------------------------------
Unresolved References                    0 
Empty Modules                            0 
Unloaded Port(s)                         0 
Unloaded Sequential Pin(s)               0 
Assigns                                  0 
Undriven Port(s)                         0 
Undriven Leaf Pin(s)                     0 
Undriven hierarchical pin(s)             0 
Multidriven Port(s)                      0 
Multidriven Leaf Pin(s)                  0 
Multidriven hierarchical Pin(s)          0 
Constant Port(s)                         0 
Constant Leaf Pin(s)                   128 
Constant hierarchical Pin(s)             0 
Preserved leaf instance(s)               0 
Preserved hierarchical instance(s)       0 
Libcells with no LEF cell                0 
Physical (LEF) cells with no libcell     0 
